// Jest Snapshot v1, https://goo.gl/fbAQLP

exports[`UserDeletePrompt component render() should render the component 1`] = `
<Modal
  closeOnDimmerClick={true}
  closeOnDocumentClick={false}
  dimmer={true}
  eventPool="Modal"
  onClose={[Function]}
  open={true}
  size="small"
  style={
    Object {
      "left": "50%",
      "position": "absolute",
      "textAlign": "justify",
      "top": "50%",
      "transform": "translate(-50%, -50%)",
    }
  }
>
  <ModalHeader>
    Delete Account
  </ModalHeader>
  <ModalContent
    style={
      Object {
        "width": "80%",
      }
    }
  >
    <p
      style={
        Object {
          "padding": "15px",
          "textAlign": "justify",
        }
      }
    >
      Are you sure you want to delete 
      <strong />
       account? 
    </p>
  </ModalContent>
  <ModalActions>
    <Button
      as="button"
      negative={true}
      onClick={[Function]}
    >
      No
    </Button>
    <Button
      as="button"
      content="Yes"
      icon="checkmark"
      labelPosition="right"
      onClick={[Function]}
      positive={true}
      style={
        Object {
          "height": "37px",
          "marginLeft": "74%",
        }
      }
    />
  </ModalActions>
</Modal>
`;
